CREATE DEFINER=`root`@`localhost` FUNCTION `contar_clientes_cursor`() RETURNS int(11)
BEGIN
	declare conta int;
    declare customerid text;
    declare fin_cursor int default false; #cuando llegue al final, sera true
    
    #declaramos el cursor: un cursor es un conjunto de datos de una consulta
    declare cursor_clientes cursor for select customerid from customers;
    #como controlamos el cursor    
    declare continue handler for not found set fin_cursor = true; 

	set conta = 0;
    # abrimos el cursor (ejecutamos el select)
    open cursor_clientes;
    # usamos un ciclo para recorrer cada registro del cursor
    ciclo_cursor: loop
		#leemos los datos del registor y los guardamos en una variable
		fetch cursor_clientes into customerid;
        #si llegamos al final, se produce la excepción, fin_cursor se 
        # iguala a true y termina el ciclo
        
        if fin_cursor then
			leave ciclo_cursor;
		else
        insert into temp_customer values (customerid);
			set conta = conta + 1;
        end if;
    end loop;
    
    close cursor_clientes;
RETURN conta;
END
----------------------------------------------------------------------------------------
MySQL Shell 8.0.12

Copyright (c) 2016, 2018, Oracle and/or its affiliates. All rights reserved.

Oracle is a registered trademark of Oracle Corporation and/or its
affiliates. Other names may be trademarks of their respective
owners.

Type '\help' or '\?' for help; '\quit' to exit.


 MySQL  JS > \sql
Switching to SQL mode... Commands end with ;

 MySQL  SQL > \connect -c root@localhost
The -c option is deprecated, please use --mysql or -mc instead
Creating a Classic session to 'root@localhost'
Please provide the password for 'root@localhost': ****
Save password for 'root@localhost:3306'? [Y]es/[N]o/Ne[v]er (default No): y
Fetching schema names for autocompletion... Press ^C to stop.
Your MySQL connection id is 7
Server version: 5.5.61 MySQL Community Server (GPL)
No default schema selected; type \use <schema> to set one.

 MySQL  localhost:3306  SQL > sel global log_bin_trust_function_creators =1;
ERROR: 1064 (42000): You have an error in your SQL syntax; check the manual that corresponds to your MySQL server version for the right syntax to use near 'sel global log_bin_trust_function_creators =1' at line 1

 MySQL  localhost:3306  SQL > set global log_bin_trust_function_creators =1;
Query OK, 0 rows affected (0.0002 sec)

 MySQL  localhost:3306  SQL > \use northwind
Default schema set to `northwind`.
Fetching table and column names from `northwind` for auto-completion... Press ^C to stop.

 MySQL  localhost:3306  northwind  SQL > contar_clientes_cursor;
ERROR: 1064 (42000): You have an error in your SQL syntax; check the manual that corresponds to your MySQL server version for the right syntax to use near 'contar_clientes_cursor' at line 1

 MySQL  localhost:3306  northwind  SQL > select contar_clientes_cursor;
ERROR: 1054 (42S22): Unknown column 'contar_clientes_cursor' in 'field list'

 MySQL  localhost:3306  northwind  SQL > select contar_clientes_cursor();
+--------------------------+
| contar_clientes_cursor() |
+--------------------------+
|                       93 |
+--------------------------+
1 row in set (0.0283 sec)

 MySQL  localhost:3306  northwind  SQL >
 MySQL  localhost:3306  northwind  SQL > create table temp_customer(id varchar(5));
Query OK, 0 rows affected (0.0424 sec)

 MySQL  localhost:3306  northwind  SQL > select contar_clientes_cursor();
ERROR: 1054 (42S22): ClassicResult.fetchOne: Unknown column 'customer_id' in 'field list'

 MySQL  localhost:3306  northwind  SQL > select contar_clientes_cursor();
ERROR: 1054 (42S22): ClassicResult.fetchOne: Unknown column 'customer_id' in 'field list'

 MySQL  localhost:3306  northwind  SQL > select contar_clientes_cursor();
+--------------------------+
| contar_clientes_cursor() |
+--------------------------+
|                       93 |
+--------------------------+
1 row in set (0.0323 sec)

 MySQL  localhost:3306  northwind  SQL > select contar_clientes_cursor() as shit;
+------+
| shit |
+------+
|   93 |
+------+
1 row in set (0.0311 sec)

 MySQL  localhost:3306  northwind  SQL >